{
    "Text": "\r\n<!-- import FoundKey2 -->\\r\\b\\n<!-- import FoundKey1 -->\r\n```\r\n\r\n```\r\ndflkgmxdklfmgkdflxmg\r\ndflkgmxdklfmgkdflxmg\r\ndflkgmxdklfmgkdflxmgfkgjnfdjkgn\r\ndflkgmxdklfmgkdflxmgfkgjnfdjkgn\r\ndflkgmxdklfmgkdflxmg\r\ndflkgmxdklfmdfgkjndfkjgngkdflxmg\r\ndflkgmxdklfmdfgkjndfkjgngkdflxmg\r\ndflkgmxdklfmgkdflxmg\r\ndflkgmxdklfmgkdflxmg\r\ndflkgmxdklfmgkdflxmg\r\nkdjrngkjfncgdflkgmxdklfmgkdflxmg\r\nkdjrngkjfncgdflkgmxdklfmgkdflxmg\r\ndflkgmxdklfmgkdflxmgfkgjnfdjkgn<!-- import FoundKey1 -->\r\n```\r\n\r\n```\r\ndflkgmxdklfmgkdflxmgfkgjnfdjkgn\r\ndflkgmxdklfmgkdflxmg\r\ndflkgmxdklfmdfgkjndfkjgngkdflxmg\r\ndflkgmxdklfmdfgkjndfkjgngkdflxmg\r\ndflkgmxdklfmgkdflxmg\r\ndflkgmxdklfmgkdflxmg\r\ndflkgmxdklfmgkdflxmg\r\nkdjrngkjfncgdflkgmxdklfmgkdflxmg\r\nkdjrngkjfncgdflkgmxdklfmgkdflxmg\r\ndflkgmxdklfmgkdflxmgfkgjnfdjkgn\r\ndflkgmxdklfmgkdflxmgfkgjnfdjkgn\r\ndflkgmxdklfmgkdflxmg\r\ndflkgmxdklfmdfgkjndfkjgngkdflxmg\r\ndflkgmxdklfmdfgkjndfkjgngkdflxmg<!-- import FoundKey1 -->\r\n```\r\n\r\n```\r\ndflkgmxdklfmgkdflxmg\r\ndflkgmxdklfmgkdflxmg\r\ndflkgmxdklfmgkdflxmg\r\nkdjrngkjfncgdflkgmxdklfmgkdflxmg\r\nkdjrngkjfncgdflkgmxdklfmgkdflxmg\r\ndflkgmxdklfmgkdflxmgfkgjnfdjkgn\r\ndflkgmxdklfmgkdflxmgfkgjnfdjkgn\r\ndflkgmxdklfmgkdflxmg\r\ndflkgmxdklfmdfgkjndfkjgngkdflxmg\r\ndflkgmxdklfmdfgkjndfkjgngkdflxmg\r\ndflkgmxdklfmgkdflxmg\r\ndflkgmxdklfmgkdflxmg\r\ndflkgmxdklfmgkdflxmg\r\nkdjrngkjfncgdflkgmxdklfmgkdflxmg\r\nkdjrngkjfncgdflkgmxdklfmgkdflxmg\r\ndflkgmxdklfmgkdflxmgfkgjnfdjkgn\r\ndflkgmxdklfmgkdflxmgfkgjnfdjkgn\r\ndflkgmxdklfmgkdflxmg<!-- import FoundKey1 -->\r\n```\r\n\r\n```\r\ndflkgmxdklfmdfgkjndfkjgngkdflxmg\r\ndflkgmxdklfmdfgkjndfkjgngkdflxmg\r\ndflkgmxdklfmgkdflxmg\r\ndflkgmxdklfmgkdflxmg\r\ndflkgmxdklfmgkdflxmg\r\nkdjrngkjfncgdflkgmxdklfmgkdflxmg\r\nkdjrngkjfncgdflkgmxdklfmgkdflxmg\r\ndflkgmxdklfmgkdflxmgfkgjnfdjkgn\r\ndflkgmxdklfmgkdflxmgfkgjnfdjkgn\r\ndflkgmxdklfmgkdflxmg\r\ndflkgmxdklfmdfgkjndfkjgngkdflxmg\r\ndflkgmxdklfmdfgkjndfkjgngkdflxmg\r\ndflkgmxdklfmgkdflxmg\r\ndflkgmxdklfmgkdflxmg\r\ndflkgmxdklfmgkdflxmg\r\nkdjrngkjfncgdflkgmxdklfmgkdflxmg<!-- import FoundKey1 -->\r\n```\r\n\r\n```\r\nkdjrngkjfncgdflkgmxdklfmgkdflxmg\r\ndflkgmxdklfmgkdflxmgfkgjnfdjkgn\r\ndflkgmxdklfmgkdflxmgfkgjnfdjkgn\r\ndflkgmxdklfmgkdflxmg\r\ndflkgmxdklfmdfgkjndfkjgngkdflxmg\r\ndflkgmxdklfmdfgkjndfkjgngkdflxmg\r\ndflkgmxdklfmgkdflxmg\r\ndflkgmxdklfmgkdflxmg\r\ndflkgmxdklfmgkdflxmg\r\nkdjrngkjfncgdflkgmxdklfmgkdflxmg\r\nkdjrngkjfncgdflkgmxdklfmgkdflxmg\r\ndflkgmxdklfmgkdflxmgfkgjnfdjkgn\r\ndflkgmxdklfmgkdflxmgfkgjnfdjkgn\r\ndflkgmxdklfmgkdflxmg\r\ndflkgmxdklfmdfgkjndfkjgngkdflxmg\r\ndflkgmxdklfmdfgkjndfkjgngkdflxmg<!-- import FoundKey1 -->\r\n```\r\n\r\n```\r\ndflkgmxdklfmgkdflxmg\r\ndflkgmxdklfmgkdflxmg\r\ndflkgmxdklfmgkdflxmg\r\nkdjrngkjfncgdflkgmxdklfmgkdflxmg\r\nkdjrngkjfncgdflkgmxdklfmgkdflxmg\r\ndflkgmxdklfmgkdflxmgfkgjnfdjkgn\r\ndflkgmxdklfmgkdflxmgfkgjnfdjkgn\r\ndflkgmxdklfmgkdflxmg\r\ndflkgmxdklfmdfgkjndfkjgngkdflxmg\r\ndflkgmxdklfmdfgkjndfkjgngkdflxmg\r\ndflkgmxdklfmgkdflxmg\r\ndflkgmxdklfmgkdflxmg\r\ndflkgmxdklfmgkdflxmg\r\nkdjrngkjfncgdflkgmxdklfmgkdflxmg<!-- import FoundKey1 -->\r\n```\r\n\r\n```\r\nkdjrngkjfncgdflkgmxdklfmgkdflxmg\r\ndflkgmxdklfmgkdflxmgfkgjnfdjkgn\r\ndflkgmxdklfmgkdflxmgfkgjnfdjkgn\r\ndflkgmxdklfmgkdflxmg\r\ndflkgmxdklfmdfgkjndfkjgngkdflxmg\r\ndflkgmxdklfmdfgkjndfkjgngkdflxmg\r\ndflkgmxdklfmgkdflxmg\r\ndflkgmxdklfmgkdflxmg\r\ndflkgmxdklfmgkdflxmg\r\nkdjrngkjfncgdflkgmxdklfmgkdflxmg\r\nkdjrngkjfncgdflkgmxdklfmgkdflxmg\r\ndflkgmxdklfmgkdflxmgfkgjnfdjkgn\r\ndflkgmxdklfmgkdflxmgfkgjnfdjkgn<!-- import FoundKey1 --><!-- import FoundKey1 -->\r\n```\r\n\r\n```\r\ndflkgmxdklfmgkdflxmg\r\ndflkgmxdklfmdfgkjndfkjgngkdflxmg\r\ndflkgmxdklfmdfgkjndfkjgngkdflxmg\r\ndflkgmxdklfmgkdflxmg\r\ndflkgmxdklfmgkdflxmg\r\ndflkgmxdklfmgkdflxmg\r\nkdjrngkjfncgdflkgmxdklfmgkdflxmg\r\nkdjrngkjfncgdflkgmxdklfmgkdflxmg\r\ndflkgmxdklfmgkdflxmgfkgjnfdjkgn\r\ndflkgmxdklfmgkdflxmgfkgjnfdjkgn\r\ndflkgmxdklfmgkdflxmg\r\ndflkgmxdklfmdfgkjndfkjgngkdflxmg\r\ndflkgmxdklfmdfgkjndfkjgngkdflxmg\r\ndflkgmxdklfmgkdflxmg\r\ndflkgmxdklfmgkdflxmg\r\ndflkgmxdklfmgkdflxmg\r\nkdjrngkjfncgdflkgmxdklfmgkdflxmg<!-- import FoundKey1 -->\r\n```\r\n\r\n```\r\nkdjrngkjfncgdflkgmxdklfmgkdflxmg\r\ndflkgmxdklfmgkdflxmg\r\nlkmdflkgmxdklfmgkdflxmg",
    "UsedSnippets": [
        {
            "StartRow": 0,
            "EndRow": 0,
            "Value": null,
            "Key": "FoundKey2",
            "Version": null,
            "Language": null,
            "File": null,
            "IsUnclosed": false
        },
        {
            "StartRow": 0,
            "EndRow": 0,
            "Value": null,
            "Key": "FoundKey1",
            "Version": null,
            "Language": null,
            "File": null,
            "IsUnclosed": false
        },
        {
            "StartRow": 0,
            "EndRow": 0,
            "Value": null,
            "Key": "FoundKey1",
            "Version": null,
            "Language": null,
            "File": null,
            "IsUnclosed": false
        },
        {
            "StartRow": 0,
            "EndRow": 0,
            "Value": null,
            "Key": "FoundKey1",
            "Version": null,
            "Language": null,
            "File": null,
            "IsUnclosed": false
        },
        {
            "StartRow": 0,
            "EndRow": 0,
            "Value": null,
            "Key": "FoundKey1",
            "Version": null,
            "Language": null,
            "File": null,
            "IsUnclosed": false
        },
        {
            "StartRow": 0,
            "EndRow": 0,
            "Value": null,
            "Key": "FoundKey1",
            "Version": null,
            "Language": null,
            "File": null,
            "IsUnclosed": false
        },
        {
            "StartRow": 0,
            "EndRow": 0,
            "Value": null,
            "Key": "FoundKey1",
            "Version": null,
            "Language": null,
            "File": null,
            "IsUnclosed": false
        },
        {
            "StartRow": 0,
            "EndRow": 0,
            "Value": null,
            "Key": "FoundKey1",
            "Version": null,
            "Language": null,
            "File": null,
            "IsUnclosed": false
        },
        {
            "StartRow": 0,
            "EndRow": 0,
            "Value": null,
            "Key": "FoundKey1",
            "Version": null,
            "Language": null,
            "File": null,
            "IsUnclosed": false
        }
    ],
    "MissingSnippet": []
}
